Id          Name                                                                                                 ProvinceId  RegionId
----------- ---------------------------------------------------------------------------------------------------- ----------- -----------
1           Almería                                                                                              1           1
2           Roquetas de Mar                                                                                      1           1
3           El Ejido                                                                                             1           1
4           Níjar                                                                                                1           1
5           Adra                                                                                                 1           1
6           Cádiz                                                                                                2           1
7           Jerez de la Frontera                                                                                 2           1
8           San Fernando                                                                                         2           1
9           Chiclana de la Frontera                                                                              2           1
10          La Línea de la Concepción                                                                            2           1
11          Córdoba                                                                                              3           1
12          Lucena                                                                                               3           1
13          Puente Genil                                                                                         3           1
14          Villa del Río                                                                                        3           1
15          Baena                                                                                                3           1
16          Granada                                                                                              4           1
17          Maracena                                                                                             4           1
18          Almuñécar                                                                                            4           1
19          Baza                                                                                                 4           1
20          Motril                                                                                               4           1
21          Huelva                                                                                               5           1
22          Lepe                                                                                                 5           1
23          Ayamonte                                                                                             5           1
24          Aljaraque                                                                                            5           1
25          Punta Umbría                                                                                         5           1
26          Jaén                                                                                                 6           1
27          Andújar                                                                                              6           1
28          Úbeda                                                                                                6           1
29          Baeza                                                                                                6           1
30          Linares                                                                                              6           1
31          Málaga                                                                                               7           1
32          Marbella                                                                                             7           1
33          Ronda                                                                                                7           1
34          Vélez-Málaga                                                                                         7           1
35          Estepona                                                                                             7           1
36          Sevilla                                                                                              8           1
37          Dos Hermanas                                                                                         8           1
38          Alcalá de Guadaíra                                                                                   8           1
39          Coria del Río                                                                                        8           1
40          Utrera                                                                                               8           1
41          Barcelona                                                                                            9           7
42          Badalona                                                                                             9           7
43          L'Hospitalet de Llobregat                                                                            9           7
44          Terrassa                                                                                             9           7
45          Sabadell                                                                                             9           7
46          Girona                                                                                               10          7
47          Figueres                                                                                             10          7
48          Blanes                                                                                               10          7
49          Olot                                                                                                 10          7
50          Castelló d'Empúries                                                                                  10          7
51          Lleida                                                                                               11          7
52          Tàrrega                                                                                              11          7
53          Balaguer                                                                                             11          7
54          Mollerussa                                                                                           11          7
55          Agramunt                                                                                             11          7
56          Tarragona                                                                                            12          7
57          Reus                                                                                                 12          7
58          Salou                                                                                                12          7
59          Valls                                                                                                12          7
60          El Vendrell                                                                                          12          7
61          Madrid                                                                                               13          8
62          Alcalá de Henares                                                                                    13          8
63          Fuenlabrada                                                                                          13          8
64          Móstoles                                                                                             13          8
65          Getafe                                                                                               13          8
66          Ávila                                                                                                14          5
67          El Barco de Ávila                                                                                    14          5
68          Arévalo                                                                                              14          5
69          Candeleda                                                                                            14          5
70          Fontiveros                                                                                           14          5
71          Burgos                                                                                               15          5
72          Aranda de Duero                                                                                      15          5
73          Miranda de Ebro                                                                                      15          5
74          Briviesca                                                                                            15          5
75          Belorado                                                                                             15          5
76          León                                                                                                 16          5
77          Ponferrada                                                                                           16          5
78          San Andrés del Rabanedo                                                                              16          5
79          Astorga                                                                                              16          5
80          La Bañeza                                                                                            16          5
81          Palencia                                                                                             17          5
82          Arroyo de la Encomienda                                                                              17          5
83          Villamuriel de Cerrato                                                                               17          5
84          Cartes                                                                                               17          5
85          Aguilar de Campoo                                                                                    17          5
86          Salamanca                                                                                            18          5
87          Ciudad Rodrigo                                                                                       18          5
88          Peñaranda de Bracamonte                                                                              18          5
89          Santa Marta de Tormes                                                                                18          5
90          Vitigudino                                                                                           18          5
91          Segovia                                                                                              19          5
92          Cuéllar                                                                                              19          5
93          Cantalejo                                                                                            19          5
94          Agreda                                                                                               19          5
95          Sepúlveda                                                                                            19          5
96          Soria                                                                                                20          5
97          El Burgo de Osma                                                                                     20          5
98          San Esteban de Gormaz                                                                                20          5
99          Duruelo de la Sierra                                                                                 20          5
100         Agreda                                                                                               20          5
101         Valladolid                                                                                           21          5
102         Medina del Campo                                                                                     21          5
103         Laguna de Duero                                                                                      21          5
104         Aldeamayor de San Martín                                                                             21          5
105         Viana de Cega                                                                                        21          5
106         Zamora                                                                                               22          5
107         Benavente                                                                                            22          5
108         Toro                                                                                                 22          5
109         Fuentesaúco                                                                                          22          5
110         Villalpando                                                                                          22          5
111         Albacete                                                                                             23          6
112         Hellín                                                                                               23          6
113         La Rasa                                                                                              23          6
114         Chinchilla de Monte-Aragón                                                                           23          6
115         Caudete                                                                                              23          6
116         Ciudad Real                                                                                          24          6
117         Alcázar de San Juan                                                                                  24          6
118         Puertollano                                                                                          24          6
119         Manzanares                                                                                           24          6
120         Tomelloso                                                                                            24          6
121         Cuenca                                                                                               25          6
122         Mota del Cuervo                                                                                      25          6
123         Tarancón                                                                                             25          6
124         San Clemente                                                                                         25          6
125         Las Pedroñeras                                                                                       25          6
126         Guadalajara                                                                                          26          6
127         Azuqueca de Henares                                                                                  26          6
128         Sigüenza                                                                                             26          6
129         Marchamalo                                                                                           26          6
130         Fontanar                                                                                             26          6
131         Toledo                                                                                               27          6
132         Talavera de la Reina                                                                                 27          6
133         Illescas                                                                                             27          6
134         Toledo                                                                                               27          6
135         Ocaña                                                                                                27          6
136         Alicante                                                                                             28          10
137         Elche                                                                                                28          10
138         Torrevieja                                                                                           28          10
139         Benidorm                                                                                             28          10
140         Elda                                                                                                 28          10
141         Castellón de la Plana                                                                                29          10
142         Vila-real                                                                                            29          10
143         Burriana                                                                                             29          10
144         Segorbe                                                                                              29          10
145         Oropesa del Mar                                                                                      29          10
146         Valencia                                                                                             30          10
147         Gandía                                                                                               30          10
148         Torrent                                                                                              30          10
149         Paterna                                                                                              30          10
150         Sagunto                                                                                              30          10
151         La Coruña                                                                                            31          12
152         Santiago de Compostela                                                                               31          12
153         Ferrol                                                                                               31          12
154         Carballo                                                                                             31          12
155         Narón                                                                                                31          12
156         Lugo                                                                                                 32          12
157         Monforte de Lemos                                                                                    32          12
158         Viveiro                                                                                              32          12
159         Ribadeo                                                                                              32          12
160         Vilalba                                                                                              32          12
161         Ourense                                                                                              33          12
162         Verín                                                                                                33          12
163         Ribeira de Piquín                                                                                    33          12
164         Barbadás                                                                                             33          12
165         O Carballiño                                                                                         33          12
166         Pontevedra                                                                                           34          12
167         Vigo                                                                                                 34          12
168         Sanxenxo                                                                                             34          12
169         Marín                                                                                                34          12
170         Redondela                                                                                            34          12
171         Vitoria-Gasteiz                                                                                      35          15
172         Laguardia                                                                                            35          15
173         Salvatierra                                                                                          35          15
174         Amurrio                                                                                              35          15
175         Laudio                                                                                               35          15
176         San Sebastián                                                                                        36          15
177         Irún                                                                                                 36          15
178         Eibar                                                                                                36          15
179         Tolosa                                                                                               36          15
180         Hernani                                                                                              36          15
181         Bilbao                                                                                               37          15
182         Barakaldo                                                                                            37          15
183         Getxo                                                                                                37          15
184         Santurce                                                                                             37          15
185         Basauri                                                                                              37          15
186         Huesca                                                                                               38          2
187         Jaca                                                                                                 38          2
188         Fraga                                                                                                38          2
189         Monzón                                                                                               38          2
190         Barbastro                                                                                            38          2
191         Teruel                                                                                               39          2
192         Alcañiz                                                                                              39          2
193         Calamocha                                                                                            39          2
194         Cella                                                                                                39          2
195         Valderrobres                                                                                         39          2
196         Zaragoza                                                                                             40          2
197         Huesca                                                                                               40          2
198         Teruel                                                                                               40          2
199         Cuarte de Huerva                                                                                     40          2
200         La Almunia de Doña Godina                                                                            40          2
201         Santander                                                                                            41          4
202         Torrelavega                                                                                          41          4
203         Castro Urdiales                                                                                      41          4
204         Colindres                                                                                            41          4
205         Laredo                                                                                               41          4
206         Badajoz                                                                                              42          11
207         Mérida                                                                                               42          11
208         Villanueva de la Serena                                                                              42          11
209         Don Benito                                                                                           42          11
210         Olivenza                                                                                             42          11
211         Cáceres                                                                                              43          11
212         Plasencia                                                                                            43          11
213         Badajoz                                                                                              43          11
214         Trujillo                                                                                             43          11
215         Navalmoral de la Mata                                                                                43          11
216         Palma de Mallorca                                                                                    44          13
217         Ibiza                                                                                                44          13
218         Manacor                                                                                              44          13
219         Inca                                                                                                 44          13
220         Marratxí                                                                                             44          13
221         Murcia                                                                                               45          17
222         Cartagena                                                                                            45          17
223         Lorca                                                                                                45          17
224         Molina de Segura                                                                                     45          17
225         Cieza                                                                                                45          17
226         Logroño                                                                                              46          14
227         Calahorra                                                                                            46          14
228         Arnedo                                                                                               46          14
229         Nájera                                                                                               46          14
230         Aire                                                                                                 46          14
231         Pamplona                                                                                             47          9
232         Tudela                                                                                               47          9
233         Estella                                                                                              47          9
234         Castejón                                                                                             47          9
235         Burlada                                                                                              47          9
236         Las Palmas de Gran Canaria                                                                           48          3
237         Telde                                                                                                48          3
238         Arrecife                                                                                             48          3
239         Santa Lucía                                                                                          48          3
240         Ingenio                                                                                              48          3
241         Santa Cruz de Tenerife                                                                               49          3
242         La Laguna                                                                                            49          3
243         San Cristóbal de La Laguna                                                                           49          3
244         Arona                                                                                                49          3
245         Adeje                                                                                                49          3
246         Ceuta                                                                                                50          18
247         Puerto de Ceuta                                                                                      50          18
248         Mirador de Ceuta                                                                                     50          18
249         Algeciras                                                                                            50          18
250         Monte Hacho                                                                                          50          18
251         Melilla                                                                                              51          19
252         Margarita                                                                                            51          19
253         Bajo                                                                                                 51          19
254         Juan Carlos                                                                                          51          19
255         María                                                                                                51          19
256         Oviedo                                                                                               52          16
257         Gijón                                                                                                52          16
258         Avilés                                                                                               52          16
259         Mieres                                                                                               52          16
260         Langreo                                                                                              52          16
261         Luarca                                                                                               52          16
262         Cangas de Onís                                                                                       52          16
263         Ribadesella                                                                                          52          16
264         Siero                                                                                                52          16
265         Candás                                                                                               52          16

(265 rows affected)


Completion time: 2025-01-03T01:02:11.6774645+01:00
